../Core/Src/app.c:137:6:MQTT_Reset_Report_Flags	24	static
../Core/Src/app.c:171:6:StartMQTTTask	1408	static
../Core/Src/app.c:495:6:StartAppTimeTask	24	static
../Core/Src/app.c:551:6:StartAppSensorTask	704	static
../Core/Src/app.c:770:6:PowerBoardTask	1136	static
../Core/Src/app.c:870:6:APTask	664	static
../Core/Src/app.c:970:6:ACTask	336	static
../Core/Src/app.c:1060:6:HAL_TIM_IC_CaptureCallback	32	static
../Core/Src/app.c:1078:6:Cooler_init	32	static
../Core/Src/app.c:1103:6:FANTask	256	static
../Core/Src/app.c:1189:6:HAL_UART_RxCpltCallback	16	static
../Core/Src/app.c:1202:6:HAL_UART_ErrorCallback	16	static
../Core/Src/app.c:1283:6:MX_App_Init	8	static
