../Core/Src/app.c:137:6:MQTT_Reset_Report_Flags	24	static
../Core/Src/app.c:171:6:StartMQTTTask	1408	static
../Core/Src/app.c:494:6:StartAppTimeTask	24	static
../Core/Src/app.c:535:6:StartAppSensorTask	704	static
../Core/Src/app.c:753:6:PowerBoardTask	1136	static
../Core/Src/app.c:853:6:APTask	664	static
../Core/Src/app.c:953:6:ACTask	336	static
../Core/Src/app.c:1043:6:HAL_TIM_IC_CaptureCallback	32	static
../Core/Src/app.c:1061:6:Cooler_init	32	static
../Core/Src/app.c:1086:6:FANTask	256	static
../Core/Src/app.c:1172:6:HAL_UART_RxCpltCallback	16	static
../Core/Src/app.c:1185:6:HAL_UART_ErrorCallback	16	static
../Core/Src/app.c:1266:6:MX_App_Init	8	static
