../Core/Src/app_loop.c:42:6:Sync_RTC_With_NTP	64	static
../Core/Src/app_loop.c:89:6:Is_PowerBoard_Online	16	static
../Core/Src/app_loop.c:99:6:Is_AP_Online	16	static
../Core/Src/app_loop.c:109:6:Is_AC_Online	16	static
../Core/Src/app_loop.c:119:6:Is_Sensor_Online	16	static
../Core/Src/app_loop.c:125:6:RLY_SetStatus	16	static
../Core/Src/app_loop.c:143:6:RLY_GetStatus	16	static
../Core/Src/app_loop.c:151:6:RLY_All_Reset	16	static
../Core/Src/app_loop.c:170:6:SCAN_External_Inputs	56	static
../Core/Src/app_loop.c:206:6:Execute_Factory_Reset_And_Reboot	8	static
../Core/Src/app_loop.c:215:6:SCAN_External_Inputs_switch8	16	static
../Core/Src/app_loop.c:265:6:SCAN_Switch_Configuration	24	static
