../Core/Src/main.c:157:1:__io_putchar	1
../Core/Src/main.c:176:5:main	1
../Core/Src/main.c:300:6:SystemClock_Config	4
../Core/Src/main.c:362:6:PeriphCommonClock_Config	2
../Core/Src/main.c:381:13:MX_I2C1_Init	4
../Core/Src/main.c:429:13:MX_I2C2_Init	4
../Core/Src/main.c:477:13:MX_I2C3_Init	4
../Core/Src/main.c:525:13:MX_RTC_Init	4
../Core/Src/main.c:589:13:MX_SPI1_Init	2
../Core/Src/main.c:637:13:MX_SPI6_Init	2
../Core/Src/main.c:685:13:MX_TIM1_Init	9
../Core/Src/main.c:778:13:MX_UART4_Init	5
../Core/Src/main.c:826:13:MX_UART5_Init	5
../Core/Src/main.c:874:13:MX_UART7_Init	5
../Core/Src/main.c:922:13:MX_UART8_Init	5
../Core/Src/main.c:970:13:MX_USART1_UART_Init	5
../Core/Src/main.c:1018:13:MX_USART2_UART_Init	5
../Core/Src/main.c:1066:13:MX_USART3_UART_Init	5
../Core/Src/main.c:1114:13:MX_GPIO_Init	1
../Core/Src/main.c:1230:13:StartMQTTTask	1
../Core/Src/main.c:1248:13:StartAppSensorTask	1
../Core/Src/main.c:1266:13:StartAppTimeTask	1
../Core/Src/main.c:1284:13:PowerBoardTask	1
../Core/Src/main.c:1302:13:APTask	1
../Core/Src/main.c:1320:13:ACTask	1
../Core/Src/main.c:1338:13:FANTask	1
../Core/Src/main.c:1351:6:MPU_Config	1
../Core/Src/main.c:1386:6:HAL_TIM_PeriodElapsedCallback	2
../Core/Src/main.c:1404:6:Error_Handler	1
