../Core/Src/mqtt_handler.c:70:13:mqtt_publish_deferred	24	static
../Core/Src/mqtt_handler.c:85:6:MqttDeferred_Flush	48	static
../Core/Src/mqtt_handler.c:142:6:MqttAd_ProcessPending	8	static
../Core/Src/mqtt_handler.c:147:13:mqtt_pb_build_stat	88	static
../Core/Src/mqtt_handler.c:176:12:mqtt_ac_mode_from_str	16	static
../Core/Src/mqtt_handler.c:189:13:mqtt_ac_temp_c_valid	16	static
../Core/Src/mqtt_handler.c:194:13:mqtt_ac_spd_valid	16	static
../Core/Src/mqtt_handler.c:199:13:mqtt_ap_mode_valid	16	static
../Core/Src/mqtt_handler.c:209:13:mqtt_ap_spd_valid	16	static
../Core/Src/mqtt_handler.c:214:13:mqtt_build_ac_stat	72	static
../Core/Src/mqtt_handler.c:224:13:mqtt_build_ap_stat	128	static
../Core/Src/mqtt_handler.c:234:13:mqtt_process_ac_pending	632	static
../Core/Src/mqtt_handler.c:327:13:mqtt_process_ap_pending	688	static
../Core/Src/mqtt_handler.c:450:6:MqttPending_Process	680	static
../Core/Src/mqtt_handler.c:530:13:mqtt_build_ad_stat	168	static
../Core/Src/mqtt_handler.c:541:6:MQTT_MessageArrived	1992	static
