../Core/Src/w5500_ctrl.c:11:6:W5500_Select	8	static
../Core/Src/w5500_ctrl.c:15:6:W5500_Deselect	8	static
../Core/Src/w5500_ctrl.c:19:9:W5500_ReadByte	16	static
../Core/Src/w5500_ctrl.c:25:6:W5500_WriteByte	16	static
../Core/Src/w5500_ctrl.c:29:6:W5500_ReadBurst	16	static
../Core/Src/w5500_ctrl.c:33:6:W5500_WriteBurst	16	static
../Core/Src/w5500_ctrl.c:38:6:Board_GetDeviceUuid	40	static
../Core/Src/w5500_ctrl.c:50:13:W5500_BuildMacFromUid	32	static
../Core/Src/w5500_ctrl.c:73:6:W5500_PrintNetwork	104	static
../Core/Src/w5500_ctrl.c:84:6:W5500_NetworkReady	24	static
../Core/Src/w5500_ctrl.c:114:13:cb_dhcp_ip_assign	96	static
../Core/Src/w5500_ctrl.c:137:13:cb_dhcp_ip_conflict	8	static
../Core/Src/w5500_ctrl.c:141:13:W5500_ApplyDhcp	40	static
../Core/Src/w5500_ctrl.c:192:6:W5500_DhcpTick	16	static
../Core/Src/w5500_ctrl.c:230:6:W5500_ApplyNetwork	8	static
../Core/Src/w5500_ctrl.c:239:6:W5500_Interrupt_Config	8	static
../Core/Src/w5500_ctrl.c:244:6:W5500_Init	40	static
