../Core/Src/w5500_ctrl.c:20:6:W5500_SetProvisioningMode	16	static
../Core/Src/w5500_ctrl.c:25:6:W5500_IsProvisioningMode	4	static
../Core/Src/w5500_ctrl.c:30:13:W5500_ForcePhy100MFull	16	static
../Core/Src/w5500_ctrl.c:50:6:W5500_Select	8	static
../Core/Src/w5500_ctrl.c:54:6:W5500_Deselect	8	static
../Core/Src/w5500_ctrl.c:58:9:W5500_ReadByte	16	static
../Core/Src/w5500_ctrl.c:64:6:W5500_WriteByte	16	static
../Core/Src/w5500_ctrl.c:68:6:W5500_ReadBurst	16	static
../Core/Src/w5500_ctrl.c:72:6:W5500_WriteBurst	16	static
../Core/Src/w5500_ctrl.c:77:6:Board_GetDeviceUuid	40	static
../Core/Src/w5500_ctrl.c:86:13:W5500_BuildMacFromUid	32	static
../Core/Src/w5500_ctrl.c:102:6:W5500_PrintNetwork	104	static
../Core/Src/w5500_ctrl.c:113:6:W5500_NetworkReady	24	static
../Core/Src/w5500_ctrl.c:124:13:cb_dhcp_ip_assign	96	static
../Core/Src/w5500_ctrl.c:149:13:cb_dhcp_ip_conflict	8	static
../Core/Src/w5500_ctrl.c:153:6:W5500_ApplyDhcp	40	static
../Core/Src/w5500_ctrl.c:182:6:W5500_DhcpTick	16	static
../Core/Src/w5500_ctrl.c:203:6:W5500_ApplyStatic	32	static
../Core/Src/w5500_ctrl.c:221:6:W5500_ApplyProvisioningNetwork	48	static
../Core/Src/w5500_ctrl.c:243:6:W5500_StopDhcp	8	static
../Core/Src/w5500_ctrl.c:258:6:W5500_ApplyNetwork	8	static
../Core/Src/w5500_ctrl.c:276:6:W5500_Interrupt_Config	8	static
../Core/Src/w5500_ctrl.c:281:6:W5500_Init	40	static
