../Core/Src/w5500_ctrl.c:20:6:W5500_Select	8	static
../Core/Src/w5500_ctrl.c:24:6:W5500_Deselect	8	static
../Core/Src/w5500_ctrl.c:28:9:W5500_ReadByte	16	static
../Core/Src/w5500_ctrl.c:34:6:W5500_WriteByte	16	static
../Core/Src/w5500_ctrl.c:38:6:W5500_ReadBurst	16	static
../Core/Src/w5500_ctrl.c:42:6:W5500_WriteBurst	16	static
../Core/Src/w5500_ctrl.c:47:6:Board_GetDeviceUuid	40	static
../Core/Src/w5500_ctrl.c:56:13:W5500_BuildMacFromUid	32	static
../Core/Src/w5500_ctrl.c:72:6:W5500_PrintNetwork	104	static
../Core/Src/w5500_ctrl.c:83:6:W5500_NetworkReady	24	static
../Core/Src/w5500_ctrl.c:94:13:cb_dhcp_ip_assign	96	static
../Core/Src/w5500_ctrl.c:119:13:cb_dhcp_ip_conflict	8	static
../Core/Src/w5500_ctrl.c:123:6:W5500_ApplyDhcp	40	static
../Core/Src/w5500_ctrl.c:152:6:W5500_DhcpTick	16	static
../Core/Src/w5500_ctrl.c:170:6:W5500_ApplyStatic	32	static
../Core/Src/w5500_ctrl.c:192:6:W5500_ApplyNetwork	8	static
../Core/Src/w5500_ctrl.c:210:6:W5500_Interrupt_Config	8	static
../Core/Src/w5500_ctrl.c:215:6:W5500_Init	40	static
