../w5500/ioLibrary_Driver-master/Internet/DHCP/dhcp.c:261:6:default_ip_assign	8	static
../w5500/ioLibrary_Driver-master/Internet/DHCP/dhcp.c:268:6:default_ip_update	8	static
../w5500/ioLibrary_Driver-master/Internet/DHCP/dhcp.c:296:6:default_ip_conflict	8	static
../w5500/ioLibrary_Driver-master/Internet/DHCP/dhcp.c:324:6:reg_dhcp_cbfunc	24	static
../w5500/ioLibrary_Driver-master/Internet/DHCP/dhcp.c:340:6:makeDHCPMSG	24	static
../w5500/ioLibrary_Driver-master/Internet/DHCP/dhcp.c:404:6:send_DHCP_DISCOVER	32	static
../w5500/ioLibrary_Driver-master/Internet/DHCP/dhcp.c:488:6:send_DHCP_REQUEST	40	static
../w5500/ioLibrary_Driver-master/Internet/DHCP/dhcp.c:594:6:send_DHCP_DECLINE	32	static
../w5500/ioLibrary_Driver-master/Internet/DHCP/dhcp.c:664:8:parseDHCPMSG	48	static
../w5500/ioLibrary_Driver-master/Internet/DHCP/dhcp.c:794:9:DHCP_run	16	static
../w5500/ioLibrary_Driver-master/Internet/DHCP/dhcp.c:933:9:DHCP_stop	8	static
../w5500/ioLibrary_Driver-master/Internet/DHCP/dhcp.c:938:9:check_DHCP_timeout	16	static
../w5500/ioLibrary_Driver-master/Internet/DHCP/dhcp.c:990:8:check_DHCP_leasedIP	32	static
../w5500/ioLibrary_Driver-master/Internet/DHCP/dhcp.c:1046:6:DHCP_init	24	static
../w5500/ioLibrary_Driver-master/Internet/DHCP/dhcp.c:1085:6:reset_DHCP_timeout	4	static
../w5500/ioLibrary_Driver-master/Internet/DHCP/dhcp.c:1091:6:DHCP_time_handler	4	static
../w5500/ioLibrary_Driver-master/Internet/DHCP/dhcp.c:1095:6:getIPfromDHCP	16	static
../w5500/ioLibrary_Driver-master/Internet/DHCP/dhcp.c:1102:6:getGWfromDHCP	16	static
../w5500/ioLibrary_Driver-master/Internet/DHCP/dhcp.c:1109:6:getSNfromDHCP	16	static
../w5500/ioLibrary_Driver-master/Internet/DHCP/dhcp.c:1116:6:getDNSfromDHCP	16	static
../w5500/ioLibrary_Driver-master/Internet/DHCP/dhcp.c:1123:10:getDHCPLeasetime	4	static
../w5500/ioLibrary_Driver-master/Internet/DHCP/dhcp.c:1127:6:NibbleToHex	16	static
