../w5500/ioLibrary_Driver-master/Internet/httpServer/httpParser.c:26:6:unescape_http_url	32	static
../w5500/ioLibrary_Driver-master/Internet/httpServer/httpParser.c:44:6:make_http_response_head	40	static
../w5500/ioLibrary_Driver-master/Internet/httpServer/httpParser.c:109:6:find_http_uri_type	24	static
../w5500/ioLibrary_Driver-master/Internet/httpServer/httpParser.c:163:6:parse_http_request	24	static
../w5500/ioLibrary_Driver-master/Internet/httpServer/httpParser.c:229:11:get_http_param_value	48	static
../w5500/ioLibrary_Driver-master/Internet/httpServer/httpParser.c:303:9:get_http_uri_name	24	static
../w5500/ioLibrary_Driver-master/Internet/httpServer/httpParser.c:327:6:inet_addr_	56	static
../w5500/ioLibrary_Driver-master/Internet/httpServer/httpParser.c:353:10:ATOI	32	static
../w5500/ioLibrary_Driver-master/Internet/httpServer/httpParser.c:374:6:mid	40	static
../w5500/ioLibrary_Driver-master/Internet/httpServer/httpParser.c:395:13:replacetochar	24	static
../w5500/ioLibrary_Driver-master/Internet/httpServer/httpParser.c:413:16:C2D	16	static
