../w5500/ioLibrary_Driver-master/Internet/TFTP/tftp.c:56:13:set_filename	16	static
../w5500/ioLibrary_Driver-master/Internet/TFTP/tftp.c:60:20:set_server_ip	16	static
../w5500/ioLibrary_Driver-master/Internet/TFTP/tftp.c:64:24:get_server_ip	4	static
../w5500/ioLibrary_Driver-master/Internet/TFTP/tftp.c:68:20:set_server_port	16	static
../w5500/ioLibrary_Driver-master/Internet/TFTP/tftp.c:72:24:get_server_port	4	static
../w5500/ioLibrary_Driver-master/Internet/TFTP/tftp.c:76:20:set_local_port	16	static
../w5500/ioLibrary_Driver-master/Internet/TFTP/tftp.c:89:20:set_tftp_state	16	static
../w5500/ioLibrary_Driver-master/Internet/TFTP/tftp.c:93:24:get_tftp_state	4	static
../w5500/ioLibrary_Driver-master/Internet/TFTP/tftp.c:105:20:set_block_number	16	static
../w5500/ioLibrary_Driver-master/Internet/TFTP/tftp.c:109:24:get_block_number	4	static
../w5500/ioLibrary_Driver-master/Internet/TFTP/tftp.c:113:12:open_tftp_socket	24	static
../w5500/ioLibrary_Driver-master/Internet/TFTP/tftp.c:129:12:send_udp_packet	40	static
../w5500/ioLibrary_Driver-master/Internet/TFTP/tftp.c:152:12:recv_udp_packet	40	static
../w5500/ioLibrary_Driver-master/Internet/TFTP/tftp.c:199:13:close_tftp_socket	16	static
../w5500/ioLibrary_Driver-master/Internet/TFTP/tftp.c:204:13:init_tftp	8	static
../w5500/ioLibrary_Driver-master/Internet/TFTP/tftp.c:221:13:tftp_cancel_timeout	4	static
../w5500/ioLibrary_Driver-master/Internet/TFTP/tftp.c:228:13:tftp_reg_timeout	4	static
../w5500/ioLibrary_Driver-master/Internet/TFTP/tftp.c:235:13:process_tftp_option	16	static
../w5500/ioLibrary_Driver-master/Internet/TFTP/tftp.c:239:13:send_tftp_rrq	1568	static
../w5500/ioLibrary_Driver-master/Internet/TFTP/tftp.c:324:13:send_tftp_ack	40	static
../w5500/ioLibrary_Driver-master/Internet/TFTP/tftp.c:389:13:recv_tftp_rrq	16	static
../w5500/ioLibrary_Driver-master/Internet/TFTP/tftp.c:393:13:recv_tftp_wrq	16	static
../w5500/ioLibrary_Driver-master/Internet/TFTP/tftp.c:397:13:recv_tftp_data	32	static
../w5500/ioLibrary_Driver-master/Internet/TFTP/tftp.c:449:13:recv_tftp_ack	16	static
../w5500/ioLibrary_Driver-master/Internet/TFTP/tftp.c:467:13:recv_tftp_oack	16	static
../w5500/ioLibrary_Driver-master/Internet/TFTP/tftp.c:495:13:recv_tftp_error	24	static
../w5500/ioLibrary_Driver-master/Internet/TFTP/tftp.c:509:13:recv_tftp_packet	32	static
../w5500/ioLibrary_Driver-master/Internet/TFTP/tftp.c:558:6:TFTP_init	16	static
../w5500/ioLibrary_Driver-master/Internet/TFTP/tftp.c:565:6:TFTP_exit	8	static
../w5500/ioLibrary_Driver-master/Internet/TFTP/tftp.c:574:5:TFTP_run	24	static
../w5500/ioLibrary_Driver-master/Internet/TFTP/tftp.c:625:6:TFTP_read_request	16	static
../w5500/ioLibrary_Driver-master/Internet/TFTP/tftp.c:635:6:tftp_timeout_handler	4	static
