../Core/Src/main.c:157:1:__io_putchar	16	static
../Core/Src/main.c:176:5:main	8	static
../Core/Src/main.c:300:6:SystemClock_Config	120	static
../Core/Src/main.c:362:6:PeriphCommonClock_Config	200	static
../Core/Src/main.c:381:13:MX_I2C1_Init	8	static
../Core/Src/main.c:429:13:MX_I2C2_Init	8	static
../Core/Src/main.c:477:13:MX_I2C3_Init	8	static
../Core/Src/main.c:525:13:MX_RTC_Init	32	static
../Core/Src/main.c:589:13:MX_SPI1_Init	8	static
../Core/Src/main.c:637:13:MX_SPI6_Init	8	static
../Core/Src/main.c:685:13:MX_TIM1_Init	128	static
../Core/Src/main.c:778:13:MX_UART4_Init	8	static
../Core/Src/main.c:826:13:MX_UART5_Init	8	static
../Core/Src/main.c:874:13:MX_UART7_Init	8	static
../Core/Src/main.c:922:13:MX_UART8_Init	8	static
../Core/Src/main.c:970:13:MX_USART1_UART_Init	8	static
../Core/Src/main.c:1018:13:MX_USART2_UART_Init	8	static
../Core/Src/main.c:1066:13:MX_USART3_UART_Init	8	static
../Core/Src/main.c:1114:13:MX_GPIO_Init	64	static
../Core/Src/main.c:1233:13:StartMQTTTask	16	static
../Core/Src/main.c:1251:13:StartAppSensorTask	16	static
../Core/Src/main.c:1269:13:StartAppTimeTask	16	static
../Core/Src/main.c:1287:13:PowerBoardTask	16	static
../Core/Src/main.c:1305:13:APTask	16	static
../Core/Src/main.c:1323:13:ACTask	16	static
../Core/Src/main.c:1341:13:FANTask	16	static
../Core/Src/main.c:1354:6:MPU_Config	24	static
../Core/Src/main.c:1389:6:HAL_TIM_PeriodElapsedCallback	16	static
../Core/Src/main.c:1407:6:Error_Handler	4	static,ignoring_inline_asm
