../Core/Src/phri/himpel.c:32:13:HimpelFlushRx	16	static
../Core/Src/phri/himpel.c:49:13:HimpelEnsureRxIT	8	static
../Core/Src/phri/himpel.c:63:6:Himpel_RestartRxIT	8	static
../Core/Src/phri/himpel.c:69:6:Himpel_Init	24	static
../Core/Src/phri/himpel.c:83:6:Himpel_UART_ISR	24	static
../Core/Src/phri/himpel.c:109:6:HimpelSmReset	8	static
../Core/Src/phri/himpel.c:123:6:HimpelUpdateStatus	48	static
../Core/Src/phri/himpel.c:187:5:HimpelSendData	72	static
../Core/Src/phri/himpel.c:283:6:HimpelSmInput	24	static
../Core/Src/phri/himpel.c:332:12:PrepareAPControl	24	static
../Core/Src/phri/himpel.c:358:5:setAPPower	40	static
../Core/Src/phri/himpel.c:367:5:setAPMode	40	static
../Core/Src/phri/himpel.c:383:5:setAPSpeed	40	static
../Core/Src/phri/himpel.c:397:5:setAPUV	40	static
../Core/Src/phri/himpel.c:405:5:setAPFilterReset	40	static
../Core/Src/phri/himpel.c:414:5:setAPBypass	40	static
../Core/Src/phri/himpel.c:423:5:setAPTimer	40	static
../Core/Src/phri/himpel.c:431:5:setAPAll	48	static
../Core/Src/phri/himpel.c:468:5:getFanStatus	8	static
../Core/Src/phri/himpel.c:473:5:requestAPUpdate	8	static
../Core/Src/phri/himpel.c:478:6:getAPStatusAll	16	static
../Core/Src/phri/himpel.c:486:5:getAPPower	16	static
../Core/Src/phri/himpel.c:495:5:getAPSpeed	16	static
../Core/Src/phri/himpel.c:504:5:getAPCo2	16	static
../Core/Src/phri/himpel.c:513:5:getAPDust	16	static
../Core/Src/phri/himpel.c:528:7:getAPTemperature	24	static
../Core/Src/phri/himpel.c:537:6:isAPUvActive	16	static
../Core/Src/phri/himpel.c:546:5:getAPFilterLife	16	static
../Core/Src/phri/himpel.c:555:6:getAPModeString	16	static
