../Core/Src/phri/himpel.c:32:13:HimpelFlushRx	16	static
../Core/Src/phri/himpel.c:49:13:HimpelEnsureRxIT	8	static
../Core/Src/phri/himpel.c:63:6:Himpel_RestartRxIT	8	static
../Core/Src/phri/himpel.c:69:6:Himpel_Init	24	static
../Core/Src/phri/himpel.c:83:6:Himpel_UART_ISR	24	static
../Core/Src/phri/himpel.c:109:6:HimpelSmReset	8	static
../Core/Src/phri/himpel.c:123:6:HimpelUpdateStatus	48	static
../Core/Src/phri/himpel.c:187:5:HimpelSendData	72	static
../Core/Src/phri/himpel.c:288:6:HimpelSmInput	24	static
../Core/Src/phri/himpel.c:337:12:PrepareAPControl	24	static
../Core/Src/phri/himpel.c:363:5:setAPPower	40	static
../Core/Src/phri/himpel.c:372:5:setAPMode	40	static
../Core/Src/phri/himpel.c:388:5:setAPSpeed	40	static
../Core/Src/phri/himpel.c:405:5:setAPUV	40	static
../Core/Src/phri/himpel.c:413:5:setAPFilterReset	40	static
../Core/Src/phri/himpel.c:422:5:setAPBypass	40	static
../Core/Src/phri/himpel.c:431:5:setAPTimer	40	static
../Core/Src/phri/himpel.c:439:5:setAPAll	48	static
../Core/Src/phri/himpel.c:482:5:getFanStatus	8	static
../Core/Src/phri/himpel.c:487:5:requestAPUpdate	8	static
../Core/Src/phri/himpel.c:492:6:getAPStatusAll	16	static
../Core/Src/phri/himpel.c:500:5:getAPPower	16	static
../Core/Src/phri/himpel.c:509:5:getAPSpeed	16	static
../Core/Src/phri/himpel.c:518:5:getAPCo2	16	static
../Core/Src/phri/himpel.c:527:5:getAPDust	16	static
../Core/Src/phri/himpel.c:542:7:getAPTemperature	24	static
../Core/Src/phri/himpel.c:551:6:isAPUvActive	16	static
../Core/Src/phri/himpel.c:560:5:getAPFilterLife	16	static
../Core/Src/phri/himpel.c:569:6:getAPModeString	16	static
