../Core/Src/phri/himpel.c:32:13:HimpelFlushRx	16	static
../Core/Src/phri/himpel.c:49:13:HimpelEnsureRxIT	8	static
../Core/Src/phri/himpel.c:63:6:Himpel_RestartRxIT	8	static
../Core/Src/phri/himpel.c:69:6:Himpel_Init	24	static
../Core/Src/phri/himpel.c:83:6:Himpel_UART_ISR	24	static
../Core/Src/phri/himpel.c:109:6:HimpelSmReset	8	static
../Core/Src/phri/himpel.c:123:6:HimpelUpdateStatus	48	static
../Core/Src/phri/himpel.c:187:5:HimpelSendData	64	static
../Core/Src/phri/himpel.c:275:6:HimpelSmInput	24	static
../Core/Src/phri/himpel.c:324:12:PrepareAPControl	24	static
../Core/Src/phri/himpel.c:350:5:setAPPower	40	static
../Core/Src/phri/himpel.c:359:5:setAPMode	40	static
../Core/Src/phri/himpel.c:375:5:setAPSpeed	40	static
../Core/Src/phri/himpel.c:389:5:setAPUV	40	static
../Core/Src/phri/himpel.c:397:5:setAPFilterReset	40	static
../Core/Src/phri/himpel.c:406:5:setAPBypass	40	static
../Core/Src/phri/himpel.c:415:5:setAPTimer	40	static
../Core/Src/phri/himpel.c:423:5:setAPAll	48	static
../Core/Src/phri/himpel.c:460:5:getFanStatus	8	static
../Core/Src/phri/himpel.c:465:5:requestAPUpdate	8	static
../Core/Src/phri/himpel.c:470:6:getAPStatusAll	16	static
../Core/Src/phri/himpel.c:478:5:getAPPower	16	static
../Core/Src/phri/himpel.c:487:5:getAPSpeed	16	static
../Core/Src/phri/himpel.c:496:5:getAPCo2	16	static
../Core/Src/phri/himpel.c:505:5:getAPDust	16	static
../Core/Src/phri/himpel.c:520:7:getAPTemperature	24	static
../Core/Src/phri/himpel.c:529:6:isAPUvActive	16	static
../Core/Src/phri/himpel.c:538:5:getAPFilterLife	16	static
../Core/Src/phri/himpel.c:547:6:getAPModeString	16	static
