../Core/Src/phri/modbus_lg.c:25:13:ModbusSmReset	4	static
../Core/Src/phri/modbus_lg.c:44:13:ModbusFlushRx	16	static
../Core/Src/phri/modbus_lg.c:61:13:ModbusEnsureRxIT	8	static
../Core/Src/phri/modbus_lg.c:72:6:Modbus_RestartRxIT	8	static
../Core/Src/phri/modbus_lg.c:78:6:Modbus_Init	8	static
../Core/Src/phri/modbus_lg.c:89:6:Modbus_UART_ISR	16	static
../Core/Src/phri/modbus_lg.c:115:13:ModbusRawSend	24	static
../Core/Src/phri/modbus_lg.c:139:6:ModbusSmInput	24	static
../Core/Src/phri/modbus_lg.c:212:5:ModbusRequest	40	static
../Core/Src/phri/modbus_lg.c:257:6:ModbusParse	56	static
../Core/Src/phri/modbus_lg.c:294:13:getACStatusLocked	32	static
../Core/Src/phri/modbus_lg.c:341:6:getACStatus	8	static
../Core/Src/phri/modbus_lg.c:353:5:setACPower	24	static
../Core/Src/phri/modbus_lg.c:362:5:setACMode	24	static
../Core/Src/phri/modbus_lg.c:374:5:setACTemperature	24	static
../Core/Src/phri/modbus_lg.c:387:5:setACWindSpeed	24	static
../Core/Src/phri/modbus_lg.c:400:5:setACSpeed	16	static
