../Core/Src/phri/power_board.c:10:13:PB_UartLock	16	static
../Core/Src/phri/power_board.c:18:13:PB_UartUnlock	8	static
../Core/Src/phri/power_board.c:28:13:RS485_PWR_SetMode	16	static
../Core/Src/phri/power_board.c:35:9:PowerBoard_CalculateBCC	24	static
../Core/Src/phri/power_board.c:46:6:PowerBoard_Init	16	static
../Core/Src/phri/power_board.c:66:19:PowerBoard_UpdateAllData	80	static
../Core/Src/phri/power_board.c:140:19:PowerBoard_ControlAll	56	static
../Core/Src/phri/power_board.c:189:19:PowerBoard_ControlSingle	32	static
